---
source: src/templating/parser.rs
expression: "p_text_segment.parse_peek(new_input(\"foo\"))?"
snapshot_kind: text
---
(
    "",
    (
        "",
        "foo",
    ),
)
